MAP
  NAME           map.politica_
  IMAGETYPE      png24
  FONTSET "../fonts/fonts.list"
  EXTENT -89.278500000 13.630600000 -89.163000000 13.746300000
  SIZE 550 350
  IMAGECOLOR 255 255 255
  UNITS DD

  OUTPUTFORMAT
    NAME "png"
    MIMETYPE "image/png"
    DRIVER "AGG/PNG"
    EXTENSION "png"
    IMAGEMODE RGB
    TRANSPARENT FALSE
  END # OUTPUTFORMAT

  PROJECTION
    "proj=longlat"
    "datum=WGS84"
    "no_defs"
  END # PROJECTION

   
  SCALEBAR
    IMAGECOLOR 255 255 255
    LABEL
      COLOR 0 0 0
      SIZE 8
    END
    STYLE 1
    SIZE 160 10
    COLOR 0 0 0
    UNITS MILES
    INTERVALS 2
    TRANSPARENT FALSE
    STATUS ON
  END # Scalebar object ends

  QUERYMAP
    SIZE 200 150
    STATUS ON
    STYLE HILITE  # SELECTED | NORMAL
    COLOR 255 0 0
  END


  WEB
     HEADER    '../templates/base/base_header.html'
     FOOTER    '../templates/base/base_footer_querymap.html'
    #TEMPPATH ""
    METADATA
      "ows_onlineresource"	"http://localhost/cgi-bin/mapserv?map=/home/pablo/Documentos/UES/Ciclo_I_2019/SGG115/Proyecto_GIS/maps/desercion_escolar_mun_ss.map&layer&mode=browse"
      "ows_enable_request"	"*"
      "wfs_encoding"	"UTF-8"
      "ows_title"	"desercion_escolar_mun_ss"
    END # METADATA
    TEMPLATE  '../templates/desercion_escolar_mun_ss.html'
    IMAGEPATH '/var/www/html/tmp/'
    IMAGEURL  '/tmp/'
  END # WEB

  LEGEND
    KEYSIZE 12 12
    LABEL
      TYPE BITMAP
      SIZE LARGE
      COLOR 0 0 89
    END
    STATUS ON
  END

  REFERENCE
    IMAGE '../images/mapa_referencia.png' # The reference image
    SIZE 180 180 # The size of the reference image in pixels
    EXTENT -89.278500000 13.630600000 -89.163000000 13.746300000 # The extent of the reference image in map units
    STATUS ON
    MINBOXSIZE 0 # How small can the reference box be before it gets drawn as a point, in pixels
    MAXBOXSIZE 250 # The maximum size of the reference box, in pixels
    COLOR -1 -1 -1 # The reference box fill color, negative numbers mean transparent
    OUTLINECOLOR 255 128 0 # The reference box outline color 
    MARKERSIZE 10 # The size of the point marker
    MARKER 'star' # The marker symbol
  END

	SYMBOL
	  NAME "circle"
	  TYPE ellipse
	  FILLED true
	  POINTS
	    1 1
	  END
	END


  LAYER
    CONNECTIONTYPE POSTGIS
    CONNECTION "dbname='desercion_db' host=127.0.0.1 port=5432 sslmode=disable user=postgres password=admin"
    DATA "geom FROM mun_ss USING UNIQUE gid USING srid=4326"
    #DATA "../data/distA_homicidios_WGS_1984/Distritos_homicidios" 
    EXTENT -89.278500000 13.630600000 -89.163000000 13.746300000
    METADATA
      "ows_include_items" "all"
      "gml_featureid" "gid"
      "ows_extent"  "-89.278500000 13.630600000 -89.163000000 13.746300000"
      "ows_srs" "EPSG:4326"
      "ows_title" "mun_ss"
      "wms_getfeatureinfo_formatlist" "OGRGML"
      "wms_bbox_extended" "true"
      "gml_include_items" "all"
    END # METADATA
    NAME "mun_ss"
    
    PROJECTION
      "proj=longlat"
      "datum=WGS84"
      "no_defs"
    END # PROJECTION

    STATUS ON
    TILEITEM "location"
    TYPE POLYGON

    UNITS METERS

    CLASS
      NAME "Municipio de SS"
      STYLE
        COLOR 94 115 60
      END # STYLE
      STYLE
      	OUTLINECOLOR 0 0 0
        WIDTH 1.800000
      END # STYLE
    END # CLASS

  END # LAYER


  LAYER
    CONNECTIONTYPE POSTGIS
    CONNECTION "dbname='desercion_db' host=127.0.0.1 port=5432 sslmode=disable user=postgres password=admin"
    DATA "geom FROM distritos_ssa USING UNIQUE gid USING srid=4326" 
    EXTENT -89.278500000 13.630600000 -89.163000000 13.746300000
    METADATA
      "ows_include_items" "all"
      "gml_featureid" "gid"
      "ows_extent"  "-89.278500000 13.630600000 -89.163000000 13.746300000"
      "ows_srs" "EPSG:4326"
      "ows_title" "distritos_ss"
      "wms_getfeatureinfo_formatlist" "OGRGML"
      "wms_bbox_extended" "true"
      "gml_include_items" "all"
    END # METADATA
    NAME "distritos_ss"
    PROJECTION
      "proj=longlat"
      "datum=WGS84"
      "no_defs"
    END # PROJECTION

    STATUS ON
    TILEITEM "location"
    TYPE POLYGON

    HEADER '../templates/distrito_query/distrito_header.html'
    FOOTER '../templates/distrito_query/distrito_footer.html'
    
    TOLERANCE 3

    UNITS METERS
    CLASS
      NAME "Distritos SS"
      TEMPLATE '../templates/distrito_query/distrito_query.html'
      STYLE
        COLOR 111 106 72
      END # STYLE
      STYLE
      OUTLINECOLOR 0 0 0
        WIDTH 1.500000
      END # STYLE
    END # CLASS
  END # LAYER





 #Nuevo
 LAYER
    CONNECTIONTYPE POSTGIS
    CONNECTION "dbname='desercion_db' host=127.0.0.1 port=5432 sslmode=disable user=postgres password=admin"
    DATA "geom FROM distritos_ssa USING UNIQUE gid USING srid=4326" 
    EXTENT -89.278500000 13.630600000 -89.163000000 13.746300000
    METADATA
      "ows_include_items" "all"
      "gml_featureid" "gid"
      "ows_extent"  "-89.278500000 13.630600000 -89.163000000 13.746300000"
      "ows_srs" "EPSG:4326"
      "ows_title" "distritos_ss_porc_desercion"
      "wms_getfeatureinfo_formatlist" "OGRGML"
      "wms_bbox_extended" "true"
      "gml_include_items" "all"
    END # METADATA
    NAME "distritos_ss_porc_desercion"
    PROJECTION
      "proj=longlat"
      "datum=WGS84"
      "no_defs"
    END # PROJECTION

    STATUS ON
    TILEITEM "location"
    TYPE POLYGON

    HEADER '../templates/distrito_query/distrito_header.html'
    FOOTER '../templates/distrito_query/distrito_footer.html'
    
    TOLERANCE 3

    UNITS METERS


    CLASS
      NAME "Deserción [1.23,5.70]"
      EXPRESSION (([porcentaje] >= 1.23)AND([porcentaje] <= 5.70))
      TEMPLATE '../templates/distrito_query/distrito_query.html'
      STYLE
        COLOR 255 128 0
      END # STYLE
      STYLE
      OUTLINECOLOR 0 0 0
        WIDTH 1.500000
      END # STYLE
    END # CLASS

    CLASS
      NAME "Deserción ]5.70,10.17]"
      EXPRESSION (([porcentaje] > 5.70)AND([porcentaje] <= 10.17))
      TEMPLATE '../templates/distrito_query/distrito_query.html'
      STYLE
        COLOR 214 107 0
      END # STYLE
      STYLE
      OUTLINECOLOR 0 0 0
        WIDTH 1.500000
      END # STYLE
    END # CLASS

    CLASS
      NAME "Deserción ]10.17,14.64]"
      EXPRESSION (([porcentaje] > 10.17)AND([porcentaje] <= 14.64))
      TEMPLATE '../templates/distrito_query/distrito_query.html'
      STYLE
        COLOR 173 86 0
      END # STYLE
      STYLE
      OUTLINECOLOR 0 0 0
        WIDTH 1.500000
      END # STYLE
    END # CLASS

    CLASS
      NAME "Deserción ]14.64,19.11]"
      EXPRESSION (([porcentaje] > 14.64)AND([porcentaje] <= 19.11))
      TEMPLATE '../templates/distrito_query/distrito_query.html'
      STYLE
        COLOR 132 65 0
      END # STYLE
      STYLE
      OUTLINECOLOR 0 0 0
        WIDTH 1.500000
      END # STYLE
    END # CLASS

    CLASS
      NAME "Deserción ]19.11,23.58]"
      EXPRESSION (([porcentaje] > 19.11)AND([porcentaje] <= 23.58))
      TEMPLATE '../templates/distrito_query/distrito_query.html'
      STYLE
        COLOR 91 44 0
      END # STYLE
      STYLE
      OUTLINECOLOR 0 0 0
        WIDTH 1.500000
      END # STYLE
    END # CLASS

    CLASS
      NAME "Deserción ]23.58,28.05]"
      EXPRESSION (([porcentaje] > 23.58)AND([porcentaje] <= 28.05))
      TEMPLATE '../templates/distrito_query/distrito_query.html'
      STYLE
        COLOR 50 23 0
      END # STYLE
      STYLE
      OUTLINECOLOR 0 0 0
        WIDTH 1.500000
      END # STYLE
    END # CLASS


  END # LAYER



#Embarazos_Nuevo

LAYER
    CONNECTIONTYPE POSTGIS
    CONNECTION "dbname='desercion_db' host=127.0.0.1 port=5432 sslmode=disable user=postgres password=admin"
    DATA "geom FROM distritos_ssa USING UNIQUE gid USING srid=4326" 
    EXTENT -89.278500000 13.630600000 -89.163000000 13.746300000
    METADATA
      "ows_include_items" "all"
      "gml_featureid" "gid"
      "ows_extent"  "-89.278500000 13.630600000 -89.163000000 13.746300000"
      "ows_srs" "EPSG:4326"
      "ows_title" "distritos_ss_porc_embarazos"
      "wms_getfeatureinfo_formatlist" "OGRGML"
      "wms_bbox_extended" "true"
      "gml_include_items" "all"
    END # METADATA
    NAME "distritos_ss_porc_embarazos"
    PROJECTION
      "proj=longlat"
      "datum=WGS84"
      "no_defs"
    END # PROJECTION

    STATUS ON
    TILEITEM "location"
    TYPE POLYGON

    HEADER '../templates/distrito_query/distrito_header.html'
    FOOTER '../templates/distrito_query/distrito_footer.html'
    
    TOLERANCE 3

    UNITS METERS
    CLASS
      NAME "Embarazos [0,3]"
      EXPRESSION (([cant_embar] >= 0)AND([cant_embar] <= 3))
      TEMPLATE '../templates/distrito_query/distrito_query.html'
      STYLE
        COLOR 255 51 153
      END # STYLE
      STYLE
      OUTLINECOLOR 0 0 0
        WIDTH 1.500000
      END # STYLE
    END # CLASS

    CLASS
      NAME "Embarazos [4,7]"
      EXPRESSION (([cant_embar] >= 4)AND([cant_embar] <= 7))
      TEMPLATE '../templates/distrito_query/distrito_query.html'
      STYLE
        COLOR 255 0 127
      END # STYLE
      STYLE
      OUTLINECOLOR 0 0 0
        WIDTH 1.500000
      END # STYLE
    END # CLASS

    CLASS
      NAME "Embarazos [8,11]"
      EXPRESSION (([cant_embar] >= 8)AND([cant_embar] <= 11))
      TEMPLATE '../templates/distrito_query/distrito_query.html'
      STYLE
        COLOR 204 0 102
      END # STYLE
      STYLE
      OUTLINECOLOR 0 0 0
        WIDTH 1.500000
      END # STYLE
    END # CLASS

    CLASS
      NAME "Embarazos [12,15]"
      EXPRESSION (([cant_embar] >= 12)AND([cant_embar] <= 15))
      TEMPLATE '../templates/distrito_query/distrito_query.html'
      STYLE
        COLOR 153 0 76
      END # STYLE
      STYLE
      OUTLINECOLOR 0 0 0
        WIDTH 1.500000
      END # STYLE
    END # CLASS

    CLASS
      NAME "Embarazos [16,19]"
      EXPRESSION (([cant_embar] >= 16)AND([cant_embar] <= 19))
      TEMPLATE '../templates/distrito_query/distrito_query.html'
      STYLE
        COLOR 102 0 51
      END # STYLE
      STYLE
      OUTLINECOLOR 0 0 0
        WIDTH 1.500000
      END # STYLE
    END # CLASS

    CLASS
      NAME "Embarazos [20,24]"
      EXPRESSION (([cant_embar] >= 20)AND([cant_embar] <= 24))
      TEMPLATE '../templates/distrito_query/distrito_query.html'
      STYLE
        COLOR 51 0 25
      END # STYLE
      STYLE
      OUTLINECOLOR 0 0 0
        WIDTH 1.500000
      END # STYLE
    END # CLASS


  END # LAYER



  LAYER
    CONNECTIONTYPE POSTGIS
    CONNECTION "dbname='desercion_db' host=127.0.0.1 port=5432 sslmode=disable user=postgres password=admin"
    DATA "geom FROM distritos_homicidios USING UNIQUE gid USING srid=4326" 
    #DATA "../data/distA_homicidios_WGS_1984/Distritos_homicidios"
    EXTENT -89.278500000 13.630600000 -89.163000000 13.746300000
    METADATA
      "ows_include_items" "all"
      "gml_featureid" "gid"
      "ows_extent"  "-89.278500000 13.630600000 -89.163000000 13.746300000"
      "ows_srs" "EPSG:4326"
      "ows_title" "distritos_homicidios"
      "wms_getfeatureinfo_formatlist" "OGRGML"
      "wms_bbox_extended" "true"
      "gml_include_items" "all"
    END # METADATA
    NAME "distritos_homicidios"
    PROJECTION
      "proj=longlat"
      "datum=WGS84"
      "no_defs"
    END # PROJECTION

    STATUS ON
    TILEITEM "location"
    TYPE POLYGON
    UNITS METERS

    HEADER '../templates/distrito_homicidio_query/distrito_homicidio_header.html'
    FOOTER '../templates/distrito_homicidio_query/distrito_homicidio_footer.html'
    
    TOLERANCE 3

    CLASSITEM nombre

    
    CLASS
      EXPRESSION ([cant_homic] <  20)
      NAME "Menores a 20 homicidios"
      TEMPLATE '../templates/distrito_homicidio_query/distrito_homicidio_query.html'
      STYLE
        COLOR 255 229 204
      END # STYLE
      STYLE
      OUTLINECOLOR 0 0 0
        WIDTH 1.500000
      END # STYLE
    END # CLASS

    CLASS
      EXPRESSION (([cant_homic] >= 20)AND([cant_homic] < 40))
      NAME "Entre 20 y 40 homicidios"
      TEMPLATE '../templates/distrito_homicidio_query/distrito_homicidio_query.html'
      STYLE
        COLOR 255 204 153
      END # STYLE
      STYLE
      OUTLINECOLOR 0 0 0
        WIDTH 1.500000
      END # STYLE
    END # CLASS

    CLASS
      EXPRESSION (([cant_homic] >= 40)AND([cant_homic] < 60))
      NAME "Entre 40 y 60 homicidios"
      TEMPLATE '../templates/distrito_homicidio_query/distrito_homicidio_query.html'
      STYLE
        COLOR 255 178 102
      END # STYLE
      STYLE
      OUTLINECOLOR 0 0 0
        WIDTH 1.500000
      END # STYLE
    END # CLASS

    CLASS
      EXPRESSION (([cant_homic] >= 60)AND([cant_homic] < 80))
      NAME "Entre 60 y 80 homicidios"
      TEMPLATE '../templates/distrito_homicidio_query/distrito_homicidio_query.html'
      STYLE
        COLOR 255 153 51
      END # STYLE
      STYLE
      OUTLINECOLOR 0 0 0
        WIDTH 1.500000
      END # STYLE
    END # CLASS

    CLASS
      EXPRESSION ([cant_homic] >= 80)
      NAME "Mayores a 80 homicidios"
      TEMPLATE '../templates/distrito_homicidio_query/distrito_homicidio_query.html'
      STYLE
        COLOR 255 128 0
      END # STYLE
      STYLE
      OUTLINECOLOR 0 0 0
        WIDTH 1.500000
      END # STYLE
    END # CLASS

  END # LAYER

LAYER
    CONNECTIONTYPE POSTGIS
    CONNECTION "dbname='desercion_db' host=127.0.0.1 port=5432 sslmode=disable user=postgres password=admin"
    DATA "geom FROM poligonos_internosa USING UNIQUE gid USING srid=4326" 
    EXTENT -89.278500000 13.630600000 -89.163000000 13.746300000
    METADATA
      "ows_include_items" "all"
      "gml_featureid" "gid"
      "ows_extent"  "-89.278500000 13.630600000 -89.163000000 13.746300000"
      "ows_srs" "EPSG:4326"
      "ows_title" "poligonos_internos"
      "wms_getfeatureinfo_formatlist" "OGRGML"
      "wms_bbox_extended" "true"
      "gml_include_items" "all"
    END # METADATA
    NAME "poligonos_internos"
    PROJECTION
      "proj=longlat"
      "datum=WGS84"
      "no_defs"
    END # PROJECTION

    STATUS ON
    TILEITEM "location"
    TYPE POLYGON

    HEADER '../templates/poligono_interno_query/poligono_interno_header.html'
    FOOTER '../templates/poligono_interno_query/poligono_interno_footer.html'
    
    TOLERANCE 3

    UNITS METERS
    CLASS
      NAME "Poligonos internos"
      TEMPLATE '../templates/poligono_interno_query/poligono_interno_query.html'
      STYLE
        COLOR 100 100 100
      END # STYLE
      STYLE
      OUTLINECOLOR 0 0 0
        WIDTH 1.500000
      END # STYLE
    END # CLASS
  END # LAYER


  #Recibe/No recibe apoyo
  LAYER
    CONNECTIONTYPE POSTGIS
    CONNECTION "dbname='desercion_db' host=127.0.0.1 port=5432 sslmode=disable user=postgres password=admin"
    DATA "geom FROM poligonos_internosa USING UNIQUE gid USING srid=4326" 
    EXTENT -89.278500000 13.630600000 -89.163000000 13.746300000
    METADATA
      "ows_include_items" "all"
      "gml_featureid" "gid"
      "ows_extent"  "-89.278500000 13.630600000 -89.163000000 13.746300000"
      "ows_srs" "EPSG:4326"
      "ows_title" "poligonos_internos_recibe_apoyo"
      "wms_getfeatureinfo_formatlist" "OGRGML"
      "wms_bbox_extended" "true"
      "gml_include_items" "all"
    END # METADATA
    NAME "poligonos_internos_recibe_apoyo"
    PROJECTION
      "proj=longlat"
      "datum=WGS84"
      "no_defs"
    END # PROJECTION

    STATUS ON
    TILEITEM "location"
    TYPE POLYGON

    HEADER '../templates/poligono_interno_query/poligono_interno_header.html'
    FOOTER '../templates/poligono_interno_query/poligono_interno_footer.html'
    
    TOLERANCE 3

    UNITS METERS
    CLASS
      NAME "Poligonos no reciben apoyo"
      EXPRESSION (([asist_tec] == 0)AND([eco_monet] == 0)AND([mat_didact] == 0)AND([mobil_y_eq] == 0)AND([infraest] == 0)AND([remun_doc] == 0)AND([alimentos] == 0)AND([mat_const] == 0))
      TEMPLATE '../templates/poligono_interno_query/poligono_interno_query.html'
      STYLE
        COLOR 204 204 0
      END # STYLE
      STYLE
      OUTLINECOLOR 0 0 0
        WIDTH 1.500000
      END # STYLE
    END # CLASS

    CLASS
      NAME "Poligonos reciben apoyo"
      EXPRESSION (([asist_tec] >= 0)OR([eco_monet] >= 0)OR([mat_didact] >= 0)AND([mobil_y_eq] >= 0)OR([infraest] >= 0)OR([remun_doc] >= 0)OR([alimentos] >= 0)OR([mat_const] >= 0))
      TEMPLATE '../templates/poligono_interno_query/poligono_interno_query.html'
      STYLE
        COLOR 102 204 0
      END # STYLE
      STYLE
      OUTLINECOLOR 0 0 0
        WIDTH 1.500000
      END # STYLE
    END # CLASS

  END # LAYER



  #Desercion poligonos internos
  LAYER
    CONNECTIONTYPE POSTGIS
    CONNECTION "dbname='desercion_db' host=127.0.0.1 port=5432 sslmode=disable user=postgres password=admin"
    DATA "geom FROM poligonos_internosa USING UNIQUE gid USING srid=4326" 
    EXTENT -89.278500000 13.630600000 -89.163000000 13.746300000
    METADATA
      "ows_include_items" "all"
      "gml_featureid" "gid"
      "ows_extent"  "-89.278500000 13.630600000 -89.163000000 13.746300000"
      "ows_srs" "EPSG:4326"
      "ows_title" "poligonos_internos_porc_desercion"
      "wms_getfeatureinfo_formatlist" "OGRGML"
      "wms_bbox_extended" "true"
      "gml_include_items" "all"
    END # METADATA
    NAME "poligonos_internos_porc_desercion"
    PROJECTION
      "proj=longlat"
      "datum=WGS84"
      "no_defs"
    END # PROJECTION

    STATUS ON
    TILEITEM "location"
    TYPE POLYGON

    HEADER '../templates/poligono_interno_query/poligono_interno_header.html'
    FOOTER '../templates/poligono_interno_query/poligono_interno_footer.html'
    
    TOLERANCE 3

    UNITS METERS

    CLASS
      NAME "Deserción [0.00,6.20]"
      EXPRESSION (([porcentaje] >= 0.0000)AND([porcentaje] <= 6.2033))
      TEMPLATE '../templates/poligono_interno_query/poligono_interno_query.html'
      STYLE
        COLOR 255 128 0
      END # STYLE
      STYLE
      OUTLINECOLOR 0 0 0
        WIDTH 1.500000
      END # STYLE
    END # CLASS

    CLASS
      NAME "Deserción ]6.20,12.41]"
      EXPRESSION (([porcentaje] > 6.2033)AND([porcentaje] <= 12.4067))
      TEMPLATE '../templates/poligono_interno_query/poligono_interno_query.html'
      STYLE
        COLOR 240 121 0
      END # STYLE
      STYLE
      OUTLINECOLOR 0 0 0
        WIDTH 1.500000
      END # STYLE
    END # CLASS

   	CLASS
      NAME "Deserción ]12.41,18.61]"
      EXPRESSION (([porcentaje] > 12.4067)AND([porcentaje] <= 18.6100))
      TEMPLATE '../templates/poligono_interno_query/poligono_interno_query.html'
      STYLE
        COLOR 225 114 0
      END # STYLE
      STYLE
      OUTLINECOLOR 0 0 0
        WIDTH 1.500000
      END # STYLE
    END # CLASS

    CLASS
      NAME "Deserción ]18.61,24.81]"
      EXPRESSION (([porcentaje] > 18.6100)AND([porcentaje] <= 24.8133))
      TEMPLATE '../templates/poligono_interno_query/poligono_interno_query.html'
      STYLE
        COLOR 210 107 0
      END # STYLE
      STYLE
      OUTLINECOLOR 0 0 0
        WIDTH 1.500000
      END # STYLE
    END # CLASS

  CLASS
      NAME "Deserción ]24.81,31.02]"
      EXPRESSION (([porcentaje] > 24.8133)AND([porcentaje] <= 31.0167))
      TEMPLATE '../templates/poligono_interno_query/poligono_interno_query.html'
      STYLE
        COLOR 195 100 0
      END # STYLE
      STYLE
      OUTLINECOLOR 0 0 0
        WIDTH 1.500000
      END # STYLE
    END # CLASS

	CLASS
      NAME "Deserción ]31.02,37.22]"
      EXPRESSION (([porcentaje] > 31.0167)AND([porcentaje] <= 37.2200))
      TEMPLATE '../templates/poligono_interno_query/poligono_interno_query.html'
      STYLE
        COLOR 180 93 0
      END # STYLE
      STYLE
      OUTLINECOLOR 0 0 0
        WIDTH 1.500000
      END # STYLE
    END # CLASS

    CLASS
      NAME "Deserción ]37.22,43.42]"
      EXPRESSION (([porcentaje] > 37.2200)AND([porcentaje] <= 43.4233))
      TEMPLATE '../templates/poligono_interno_query/poligono_interno_query.html'
      STYLE
        COLOR 165 86 0
      END # STYLE
      STYLE
      OUTLINECOLOR 0 0 0
        WIDTH 1.500000
      END # STYLE
    END # CLASS

    CLASS
      NAME "Deserción ]43.42,49.63]"
      EXPRESSION (([porcentaje] > 43.4233)AND([porcentaje] <= 49.6267))
      TEMPLATE '../templates/poligono_interno_query/poligono_interno_query.html'
      STYLE
        COLOR 150 79 0
      END # STYLE
      STYLE
      OUTLINECOLOR 0 0 0
        WIDTH 1.500000
      END # STYLE
    END # CLASS

    CLASS
      NAME "Deserción ]49.63,55.83]"
      EXPRESSION (([porcentaje] > 49.6267)AND([porcentaje] <= 55.8300))
      TEMPLATE '../templates/poligono_interno_query/poligono_interno_query.html'
      STYLE
        COLOR 135 72 0
      END # STYLE
      STYLE
      OUTLINECOLOR 0 0 0
        WIDTH 1.500000
      END # STYLE
    END # CLASS

    CLASS
      NAME "Deserción ]55.83,62.03]"
      EXPRESSION (([porcentaje] > 55.8300)AND([porcentaje] <= 62.0333))
      TEMPLATE '../templates/poligono_interno_query/poligono_interno_query.html'
      STYLE
        COLOR 120 65 0
      END # STYLE
      STYLE
      OUTLINECOLOR 0 0 0
        WIDTH 1.500000
      END # STYLE
    END # CLASS

    CLASS
      NAME "Deserción ]62.03,68.24]"
      EXPRESSION (([porcentaje] > 62.0333)AND([porcentaje] <= 68.2367))
      TEMPLATE '../templates/poligono_interno_query/poligono_interno_query.html'
      STYLE
        COLOR 105 58 0
      END # STYLE
      STYLE
      OUTLINECOLOR 0 0 0
        WIDTH 1.500000
      END # STYLE
    END # CLASS

    CLASS
      NAME "Deserción ]68.24,74.44]"
      EXPRESSION (([porcentaje] > 68.2367)AND([porcentaje] <= 74.4400))
      TEMPLATE '../templates/poligono_interno_query/poligono_interno_query.html'
      STYLE
        COLOR 90 51 0
      END # STYLE
      STYLE
      OUTLINECOLOR 0 0 0
        WIDTH 1.500000
      END # STYLE
    END # CLASS

    CLASS
      NAME "Deserción ]74.44,80.64]"
      EXPRESSION (([porcentaje] > 74.4400)AND([porcentaje] <= 80.6433))
      TEMPLATE '../templates/poligono_interno_query/poligono_interno_query.html'
      STYLE
        COLOR 75 44 0
      END # STYLE
      STYLE
      OUTLINECOLOR 0 0 0
        WIDTH 1.500000
      END # STYLE
    END # CLASS
 
 	CLASS
      NAME "Deserción ]80.64,86.85]"
      EXPRESSION (([porcentaje] > 80.6433)AND([porcentaje] <= 86.8467))
      TEMPLATE '../templates/poligono_interno_query/poligono_interno_query.html'
      STYLE
        COLOR 60 37 0
      END # STYLE
      STYLE
      OUTLINECOLOR 0 0 0
        WIDTH 1.500000
      END # STYLE
    END # CLASS

    CLASS
      NAME "Deserción ]86.85,93.05]"
      EXPRESSION (([porcentaje] > 86.8467)AND([porcentaje] <= 93.0500))
      TEMPLATE '../templates/poligono_interno_query/poligono_interno_query.html'
      STYLE
        COLOR 45 30 0
      END # STYLE
      STYLE
      OUTLINECOLOR 0 0 0
        WIDTH 1.500000
      END # STYLE
    END # CLASS


  END # LAYER


LAYER
    CONNECTIONTYPE POSTGIS
    CONNECTION "dbname='desercion_db' host=127.0.0.1 port=5432 sslmode=disable user=postgres password=admin"
    DATA "geom FROM centros_educativosp USING UNIQUE gid USING srid=4326" 
    EXTENT -89.278500000 13.630600000 -89.163000000 13.746300000
    METADATA
      "ows_include_items" "all"
      "gml_featureid" "gid"
      #"ows_extent"  "-89.278500000 13.630600000 -89.163000000 13.746300000"
      "ows_srs" "EPSG:4326"
      "ows_title" "centros_educativos"
      "wms_getfeatureinfo_formatlist" "OGRGML"
      "wms_bbox_extended" "true"
      "gml_include_items" "all"
    END # METADATA
    NAME "centros_educativos"
    PROJECTION
      "proj=longlat"
      "datum=WGS84"
      "no_defs"
    END # PROJECTION

    STATUS ON
    #TILEITEM "location"
    TYPE POINT
    
    HEADER '../templates/centro_educativo_query/centro_educativo_header.html'
    FOOTER '../templates/centro_educativo_query/centro_educativo_footer.html'
    
    TOLERANCE 3

    #UNITS METERS

    CLASS
	    NAME "Centros escolares"
	    TEMPLATE '../templates/centro_educativo_query/centro_educativo_query.html'
	    STYLE
	      SYMBOL "circle"
	      SIZE 10
	      COLOR 218 165 32
	      OUTLINECOLOR 0 0 0
	    END # end of STYLE
  END # end of CLASS
 END # LAYER


  LAYER
    CONNECTIONTYPE POSTGIS
    CONNECTION "dbname='desercion_db' host=127.0.0.1 port=5432 sslmode=disable user=postgres password=admin"
    DATA "geom FROM centros_educativosp USING UNIQUE gid USING srid=4326" 
    EXTENT -89.278500000 13.630600000 -89.163000000 13.746300000
    METADATA
      "ows_include_items" "all"
      "gml_featureid" "gid"
      #"ows_extent"  "-89.278500000 13.630600000 -89.163000000 13.746300000"
      "ows_srs" "EPSG:4326"
      "ows_title" "centros_educativos_p_p"
      "wms_getfeatureinfo_formatlist" "OGRGML"
      "wms_bbox_extended" "true"
      "gml_include_items" "all"
    END # METADATA
    NAME "centros_educativos_p_p"
    PROJECTION
      "proj=longlat"
      "datum=WGS84"
      "no_defs"
    END # PROJECTION

    STATUS ON
    #TILEITEM "location"
    TYPE POINT
    
    HEADER '../templates/centro_educativo_query/centro_educativo_header.html'
    FOOTER '../templates/centro_educativo_query/centro_educativo_footer.html'
    
    TOLERANCE 3

    #UNITS METERS

    CLASS
	    NAME "C.E. Públicos"
	    EXPRESSION ("[sector]" eq 'Publico')
	    TEMPLATE '../templates/centro_educativo_query/centro_educativo_query.html'
	    STYLE
	      SYMBOL "circle"
	      SIZE 10
	      COLOR 218 165 32
	      OUTLINECOLOR 0 0 0
	    END # end of STYLE
  END # end of CLASS

  CLASS
	    NAME "C.E. Privados"
	    EXPRESSION ("[sector]" eq 'Privado')
	    TEMPLATE '../templates/centro_educativo_query/centro_educativo_query.html'
	    STYLE
	      SYMBOL "circle"
	      SIZE 10
	      COLOR 238 232 125
	      OUTLINECOLOR 0 0 0
	    END # end of STYLE
  END # end of CLASS

 END # LAYER


 LAYER
    CONNECTIONTYPE POSTGIS
    CONNECTION "dbname='desercion_db' host=127.0.0.1 port=5432 sslmode=disable user=postgres password=admin"
    DATA "geom FROM centros_educativosp USING UNIQUE gid USING srid=4326" 
    EXTENT -89.278500000 13.630600000 -89.163000000 13.746300000
    METADATA
      "ows_include_items" "all"
      "gml_featureid" "gid"
      #"ows_extent"  "-89.278500000 13.630600000 -89.163000000 13.746300000"
      "ows_srs" "EPSG:4326"
      "ows_title" "centros_educativos_no_AT"
      "wms_getfeatureinfo_formatlist" "OGRGML"
      "wms_bbox_extended" "true"
      "gml_include_items" "all"
    END # METADATA
    NAME "centros_educativos_no_AT"
    PROJECTION
      "proj=longlat"
      "datum=WGS84"
      "no_defs"
    END # PROJECTION

    STATUS ON
    #TILEITEM "location"
    TYPE POINT
    
    HEADER '../templates/centro_educativo_query/centro_educativo_header.html'
    FOOTER '../templates/centro_educativo_query/centro_educativo_footer.html'
    
    TOLERANCE 3

    #UNITS METERS

    CLASS
	    NAME "C.E. no apoyo AT"
	    EXPRESSION ([ayuda_asis] == 0)
	    TEMPLATE '../templates/centro_educativo_query/centro_educativo_query.html'
	    STYLE
	      SYMBOL "circle"
	      SIZE 10
	      COLOR 218 165 32
	      OUTLINECOLOR 0 0 0
	    END # end of STYLE
  END # end of CLASS
 END # LAYER

 LAYER
    CONNECTIONTYPE POSTGIS
    CONNECTION "dbname='desercion_db' host=127.0.0.1 port=5432 sslmode=disable user=postgres password=admin"
    DATA "geom FROM centros_educativosp USING UNIQUE gid USING srid=4326" 
    EXTENT -89.278500000 13.630600000 -89.163000000 13.746300000
    METADATA
      "ows_include_items" "all"
      "gml_featureid" "gid"
      #"ows_extent"  "-89.278500000 13.630600000 -89.163000000 13.746300000"
      "ows_srs" "EPSG:4326"
      "ows_title" "centros_educativos_no_EM"
      "wms_getfeatureinfo_formatlist" "OGRGML"
      "wms_bbox_extended" "true"
      "gml_include_items" "all"
    END # METADATA
    NAME "centros_educativos_no_EM"
    PROJECTION
      "proj=longlat"
      "datum=WGS84"
      "no_defs"
    END # PROJECTION

    STATUS ON
    #TILEITEM "location"
    TYPE POINT
    
    HEADER '../templates/centro_educativo_query/centro_educativo_header.html'
    FOOTER '../templates/centro_educativo_query/centro_educativo_footer.html'
    
    TOLERANCE 3

    #UNITS METERS

    CLASS
	    NAME "C.E no apoyo EM"
	    EXPRESSION ([apoyo_econ] == 0)
	    TEMPLATE '../templates/centro_educativo_query/centro_educativo_query.html'
	    STYLE
	      SYMBOL "circle"
	      SIZE 10
	      COLOR 218 165 32
	      OUTLINECOLOR 0 0 0
	    END # end of STYLE
  END # end of CLASS
 END # LAYER
 

 LAYER
    CONNECTIONTYPE POSTGIS
    CONNECTION "dbname='desercion_db' host=127.0.0.1 port=5432 sslmode=disable user=postgres password=admin"
    DATA "geom FROM centros_educativosp USING UNIQUE gid USING srid=4326" 
    EXTENT -89.278500000 13.630600000 -89.163000000 13.746300000
    METADATA
      "ows_include_items" "all"
      "gml_featureid" "gid"
      #"ows_extent"  "-89.278500000 13.630600000 -89.163000000 13.746300000"
      "ows_srs" "EPSG:4326"
      "ows_title" "centros_educativos_no_MD"
      "wms_getfeatureinfo_formatlist" "OGRGML"
      "wms_bbox_extended" "true"
      "gml_include_items" "all"
    END # METADATA
    NAME "centros_educativos_no_MD"
    PROJECTION
      "proj=longlat"
      "datum=WGS84"
      "no_defs"
    END # PROJECTION

    STATUS ON
    #TILEITEM "location"
    TYPE POINT
    
    HEADER '../templates/centro_educativo_query/centro_educativo_header.html'
    FOOTER '../templates/centro_educativo_query/centro_educativo_footer.html'
    
    TOLERANCE 3

    #UNITS METERS

    CLASS
	    NAME "C.E. no apoyo MD"
	    EXPRESSION ([apoyo_mate] == 0)
	    TEMPLATE '../templates/centro_educativo_query/centro_educativo_query.html'
	    STYLE
	      SYMBOL "circle"
	      SIZE 10
	      COLOR 218 165 32
	      OUTLINECOLOR 0 0 0
	    END # end of STYLE
  END # end of CLASS
 END # LAYER


 LAYER
    CONNECTIONTYPE POSTGIS
    CONNECTION "dbname='desercion_db' host=127.0.0.1 port=5432 sslmode=disable user=postgres password=admin"
    DATA "geom FROM centros_educativosp USING UNIQUE gid USING srid=4326" 
    EXTENT -89.278500000 13.630600000 -89.163000000 13.746300000
    METADATA
      "ows_include_items" "all"
      "gml_featureid" "gid"
      #"ows_extent"  "-89.278500000 13.630600000 -89.163000000 13.746300000"
      "ows_srs" "EPSG:4326"
      "ows_title" "centros_educativos_no_ME"
      "wms_getfeatureinfo_formatlist" "OGRGML"
      "wms_bbox_extended" "true"
      "gml_include_items" "all"
    END # METADATA
    NAME "centros_educativos_no_ME"
    PROJECTION
      "proj=longlat"
      "datum=WGS84"
      "no_defs"
    END # PROJECTION

    STATUS ON
    #TILEITEM "location"
    TYPE POINT
    
    HEADER '../templates/centro_educativo_query/centro_educativo_header.html'
    FOOTER '../templates/centro_educativo_query/centro_educativo_footer.html'
    
    TOLERANCE 3

    #UNITS METERS

    CLASS
	    NAME "C.E. no apoyo ME"
	    EXPRESSION ([apoyo_mobi] == 0)
	    TEMPLATE '../templates/centro_educativo_query/centro_educativo_query.html'
	    STYLE
	      SYMBOL "circle"
	      SIZE 10
	      COLOR 218 165 32
	      OUTLINECOLOR 0 0 0
	    END # end of STYLE
  END # end of CLASS
 END # LAYER


 LAYER
    CONNECTIONTYPE POSTGIS
    CONNECTION "dbname='desercion_db' host=127.0.0.1 port=5432 sslmode=disable user=postgres password=admin"
    DATA "geom FROM centros_educativosp USING UNIQUE gid USING srid=4326" 
    EXTENT -89.278500000 13.630600000 -89.163000000 13.746300000
    METADATA
      "ows_include_items" "all"
      "gml_featureid" "gid"
      #"ows_extent"  "-89.278500000 13.630600000 -89.163000000 13.746300000"
      "ows_srs" "EPSG:4326"
      "ows_title" "centros_educativos_no_IN"
      "wms_getfeatureinfo_formatlist" "OGRGML"
      "wms_bbox_extended" "true"
      "gml_include_items" "all"
    END # METADATA
    NAME "centros_educativos_no_IN"
    PROJECTION
      "proj=longlat"
      "datum=WGS84"
      "no_defs"
    END # PROJECTION

    STATUS ON
    #TILEITEM "location"
    TYPE POINT
    
    HEADER '../templates/centro_educativo_query/centro_educativo_header.html'
    FOOTER '../templates/centro_educativo_query/centro_educativo_footer.html'
    
    TOLERANCE 3

    #UNITS METERS

    CLASS
	    NAME "C.E. no apoyo IN"
	    EXPRESSION ([apoyo_infr] == 0)
	    TEMPLATE '../templates/centro_educativo_query/centro_educativo_query.html'
	    STYLE
	      SYMBOL "circle"
	      SIZE 10
	      COLOR 218 165 32
	      OUTLINECOLOR 0 0 0
	    END # end of STYLE
  END # end of CLASS
 END # LAYER


 LAYER
    CONNECTIONTYPE POSTGIS
    CONNECTION "dbname='desercion_db' host=127.0.0.1 port=5432 sslmode=disable user=postgres password=admin"
    DATA "geom FROM centros_educativosp USING UNIQUE gid USING srid=4326" 
    EXTENT -89.278500000 13.630600000 -89.163000000 13.746300000
    METADATA
      "ows_include_items" "all"
      "gml_featureid" "gid"
      #"ows_extent"  "-89.278500000 13.630600000 -89.163000000 13.746300000"
      "ows_srs" "EPSG:4326"
      "ows_title" "centros_educativos_no_RD"
      "wms_getfeatureinfo_formatlist" "OGRGML"
      "wms_bbox_extended" "true"
      "gml_include_items" "all"
    END # METADATA
    NAME "centros_educativos_no_RD"
    PROJECTION
      "proj=longlat"
      "datum=WGS84"
      "no_defs"
    END # PROJECTION

    STATUS ON
    #TILEITEM "location"
    TYPE POINT
    
    HEADER '../templates/centro_educativo_query/centro_educativo_header.html'
    FOOTER '../templates/centro_educativo_query/centro_educativo_footer.html'
    
    TOLERANCE 3

    #UNITS METERS

    CLASS
	    NAME "C.E no apoyo RD"
	    EXPRESSION ([apoyo_remu] == 0)
	    TEMPLATE '../templates/centro_educativo_query/centro_educativo_query.html'
	    STYLE
	      SYMBOL "circle"
	      SIZE 10
	      COLOR 218 165 32
	      OUTLINECOLOR 0 0 0
	    END # end of STYLE
  END # end of CLASS
 END # LAYER


  LAYER
    CONNECTIONTYPE POSTGIS
    CONNECTION "dbname='desercion_db' host=127.0.0.1 port=5432 sslmode=disable user=postgres password=admin"
    DATA "geom FROM centros_educativosp USING UNIQUE gid USING srid=4326" 
    EXTENT -89.278500000 13.630600000 -89.163000000 13.746300000
    METADATA
      "ows_include_items" "all"
      "gml_featureid" "gid"
      #"ows_extent"  "-89.278500000 13.630600000 -89.163000000 13.746300000"
      "ows_srs" "EPSG:4326"
      "ows_title" "centros_educativos_no_AL"
      "wms_getfeatureinfo_formatlist" "OGRGML"
      "wms_bbox_extended" "true"
      "gml_include_items" "all"
    END # METADATA
    NAME "centros_educativos_no_AL"
    PROJECTION
      "proj=longlat"
      "datum=WGS84"
      "no_defs"
    END # PROJECTION

    STATUS ON
    #TILEITEM "location"
    TYPE POINT
    
    HEADER '../templates/centro_educativo_query/centro_educativo_header.html'
    FOOTER '../templates/centro_educativo_query/centro_educativo_footer.html'
    
    TOLERANCE 3

    #UNITS METERS

    CLASS
	    NAME "C.E. no apoyo AL"
	    EXPRESSION ([apoyo_alim] == 0)
	    TEMPLATE '../templates/centro_educativo_query/centro_educativo_query.html'
	    STYLE
	      SYMBOL "circle"
	      SIZE 10
	      COLOR 218 165 32
	      OUTLINECOLOR 0 0 0
	    END # end of STYLE
  END # end of CLASS
 END # LAYER


 LAYER
    CONNECTIONTYPE POSTGIS
    CONNECTION "dbname='desercion_db' host=127.0.0.1 port=5432 sslmode=disable user=postgres password=admin"
    DATA "geom FROM centros_educativosp USING UNIQUE gid USING srid=4326" 
    EXTENT -89.278500000 13.630600000 -89.163000000 13.746300000
    METADATA
      "ows_include_items" "all"
      "gml_featureid" "gid"
      #"ows_extent"  "-89.278500000 13.630600000 -89.163000000 13.746300000"
      "ows_srs" "EPSG:4326"
      "ows_title" "centros_educativos_no_MC"
      "wms_getfeatureinfo_formatlist" "OGRGML"
      "wms_bbox_extended" "true"
      "gml_include_items" "all"
    END # METADATA
    NAME "centros_educativos_no_MC"
    PROJECTION
      "proj=longlat"
      "datum=WGS84"
      "no_defs"
    END # PROJECTION

    STATUS ON
    #TILEITEM "location"
    TYPE POINT
    
    HEADER '../templates/centro_educativo_query/centro_educativo_header.html'
    FOOTER '../templates/centro_educativo_query/centro_educativo_footer.html'
    
    TOLERANCE 3

    #UNITS METERS

    CLASS
	    NAME "C.E. no reciben apoyo MC"
	    EXPRESSION ([apoyo_ma_1] == 0)
	    TEMPLATE '../templates/centro_educativo_query/centro_educativo_query.html'
	    STYLE
	      SYMBOL "circle"
	      SIZE 10
	      COLOR 218 165 32
	      OUTLINECOLOR 0 0 0
	    END # end of STYLE
  END # end of CLASS
 END # LAYER


END # MAP
